// Vitest Snapshot v1, https://vitest.dev/guide/snapshot.html

exports[`convertLatex > matches snapshot for category.latex 1`] = `
{
  "$type": "site.standard.document",
  "content": {
    "$type": "pub.leaflet.content",
    "pages": [
      {
        "$type": "pub.leaflet.pages.linearDocument",
        "blocks": [
          {
            "$type": "pub.leaflet.pages.linearDocument#block",
            "block": {
              "$type": "pub.leaflet.blocks.blockquote",
              "plaintext": "This is a concise introduction to category theory.",
            },
          },
          {
            "$type": "pub.leaflet.pages.linearDocument#block",
            "block": {
              "$type": "pub.leaflet.blocks.header",
              "level": 2,
              "plaintext": "Introduction",
            },
          },
          {
            "$type": "pub.leaflet.pages.linearDocument#block",
            "block": {
              "$type": "pub.leaflet.blocks.text",
              "plaintext": "Category theory provides a framework for studying structures.",
            },
          },
          {
            "$type": "pub.leaflet.pages.linearDocument#block",
            "block": {
              "$type": "pub.leaflet.blocks.unorderedList",
              "children": [
                {
                  "$type": "pub.leaflet.blocks.unorderedList#listItem",
                  "content": {
                    "$type": "pub.leaflet.pages.linearDocument#block",
                    "block": {
                      "$type": "pub.leaflet.blocks.text",
                      "plaintext": "Objects",
                    },
                  },
                },
                {
                  "$type": "pub.leaflet.blocks.unorderedList#listItem",
                  "content": {
                    "$type": "pub.leaflet.pages.linearDocument#block",
                    "block": {
                      "$type": "pub.leaflet.blocks.text",
                      "plaintext": "Morphisms",
                    },
                  },
                },
                {
                  "$type": "pub.leaflet.blocks.unorderedList#listItem",
                  "content": {
                    "$type": "pub.leaflet.pages.linearDocument#block",
                    "block": {
                      "$type": "pub.leaflet.blocks.text",
                      "plaintext": "Composition",
                    },
                  },
                },
              ],
            },
          },
          {
            "$type": "pub.leaflet.pages.linearDocument#block",
            "block": {
              "$type": "pub.leaflet.blocks.math",
              "tex": "f : A \\to B",
            },
          },
          {
            "$type": "pub.leaflet.pages.linearDocument#block",
            "block": {
              "$type": "pub.leaflet.blocks.blockquote",
              "plaintext": ""A category is a quiver with a composition law."",
            },
          },
        ],
        "id": "page:0",
      },
    ],
  },
  "title": "Category Theory: Foundations and Applications",
}
`;
